// Jest Snapshot v1, https://goo.gl/fbAQLP

exports[`LoginForm alt snapShot should match the snapshot if a user is logged in 1`] = `
<Redirect
  to="/"
/>
`;

exports[`LoginForm should match the initial snapshot 1`] = `undefined`;
